<frozen runpy>:130: RuntimeWarning: 'src.deploy.export_onnx' found in sys.modules after import of package 'src.deploy', but prior to execution of 'src.deploy.export_onnx'; this may result in unpredictable behaviour
Loading weights:   0%|          | 0/199 [00:00<?, ?it/s]Loading weights: 100%|██████████| 199/199 [00:00<00:00, 44792.66it/s]
[transformers] [1mCLIPVisionModel LOAD REPORT[0m from: pretrained/clip-vit-base-patch16
Key                                                          | Status     |  | 
-------------------------------------------------------------+------------+--+-
text_model.encoder.layers.{0...11}.mlp.fc1.bias              | UNEXPECTED |  | 
text_model.encoder.layers.{0...11}.layer_norm2.weight        | UNEXPECTED |  | 
text_model.encoder.layers.{0...11}.layer_norm1.weight        | UNEXPECTED |  | 
text_model.encoder.layers.{0...11}.self_attn.k_proj.bias     | UNEXPECTED |  | 
text_model.encoder.layers.{0...11}.self_attn.k_proj.weight   | UNEXPECTED |  | 
text_model.final_layer_norm.weight                           | UNEXPECTED |  | 
text_model.final_layer_norm.bias                             | UNEXPECTED |  | 
text_model.encoder.layers.{0...11}.layer_norm2.bias          | UNEXPECTED |  | 
text_model.encoder.layers.{0...11}.self_attn.out_proj.bias   | UNEXPECTED |  | 
text_model.encoder.layers.{0...11}.self_attn.q_proj.weight   | UNEXPECTED |  | 
text_model.encoder.layers.{0...11}.layer_norm1.bias          | UNEXPECTED |  | 
text_model.encoder.layers.{0...11}.mlp.fc2.weight            | UNEXPECTED |  | 
text_model.encoder.layers.{0...11}.self_attn.v_proj.bias     | UNEXPECTED |  | 
text_model.encoder.layers.{0...11}.mlp.fc2.bias              | UNEXPECTED |  | 
text_model.encoder.layers.{0...11}.self_attn.out_proj.weight | UNEXPECTED |  | 
text_model.encoder.layers.{0...11}.self_attn.v_proj.weight   | UNEXPECTED |  | 
text_model.encoder.layers.{0...11}.mlp.fc1.weight            | UNEXPECTED |  | 
text_model.encoder.layers.{0...11}.self_attn.q_proj.bias     | UNEXPECTED |  | 
visual_projection.weight                                     | UNEXPECTED |  | 
text_model.embeddings.token_embedding.weight                 | UNEXPECTED |  | 
text_projection.weight                                       | UNEXPECTED |  | 
logit_scale                                                  | UNEXPECTED |  | 
text_model.embeddings.position_embedding.weight              | UNEXPECTED |  | 

Notes:
- UNEXPECTED:	can be ignored when loading from different task/architecture; not ok if you expect identical arch.
D:\picture\vibnet-forgery-detector\src\deploy\export_onnx.py:93: DeprecationWarning: You are using the legacy TorchScript-based ONNX export. Starting in PyTorch 2.9, the new torch.export-based ONNX exporter has become the default. Learn more about the new export logic: https://docs.pytorch.org/docs/stable/onnx_export.html. For exporting control flow: https://pytorch.org/tutorials/beginner/onnx/export_control_flow_model_to_onnx_tutorial.html
  torch.onnx.export(
C:\Users\Administrator\.workbuddy\binaries\python\envs\default\Lib\site-packages\transformers\models\clip\modeling_clip.py:204: TracerWarning: Converting a tensor to a Python boolean might cause the trace to be incorrect. We can't record the data flow of Python values, so this value will be treated as a constant in the future. This means that the trace might not generalize to other inputs!
  if not interpolate_pos_encoding and (height != self.image_size or width != self.image_size):
C:\Users\Administrator\.workbuddy\binaries\python\envs\default\Lib\site-packages\transformers\integrations\sdpa_attention.py:124: TracerWarning: Converting a tensor to a Python boolean might cause the trace to be incorrect. We can't record the data flow of Python values, so this value will be treated as a constant in the future. This means that the trace might not generalize to other inputs!
  is_causal = q_length > 1 and attention_mask is None and is_causal
D:\picture\vibnet-forgery-detector\src\models\spatial_branch.py:304: TracerWarning: Converting a tensor to a Python integer might cause the trace to be incorrect. We can't record the data flow of Python values, so this value will be treated as a constant in the future. This means that the trace might not generalize to other inputs!
  g = int(n ** 0.5)
D:\picture\vibnet-forgery-detector\src\models\vibnet.py:129: TracerWarning: torch.tensor results are registered as constants in the trace. You can safely ignore this warning if you use this function to create tensors out of constant variables that would be the same every time you call this function. In any other case, this might cause the trace to be incorrect.
  "beta": torch.tensor(float(beta)),
[CLIPViTBackbone] 检测到 transformers>=5 的扁平布局，已补 `vision_model.` 包装以对齐 4.x 的键名（权重内容无差异）。
[CLIPViTBackbone] 冻结前 6/12 层，可训练参数 42.53M / 85.80M
[export] ONNX 已导出：deploy/b16_20260928.onnx (363.3 MB, opset=17)
[export] onnx.checker 通过
[export] onnxruntime 推理通过，输出：[(1, 2), (1, 1, 224, 224), (1, 1, 224, 224)]
