[train] 轮数已按 0.05 缩放 -> [1, 1, 2]
[train] 设备：cpu
[train] cuDNN enabled=True benchmark=False ｜ amp=False amp_dtype=bfloat16
[data] split=train 共 150 条 ← demo(train) 150 条
[data] split=val   共 45 条 ← demo(val) 45 条
[data] split=test  共 45 条 ← demo(test) 45 条
[train] 训练集 150 张，验证集 45 张
Loading weights:   0%|          | 0/199 [00:00<?, ?it/s]Loading weights: 100%|██████████| 199/199 [00:00<00:00, 44390.07it/s]
[transformers] [1mCLIPVisionModel LOAD REPORT[0m from: pretrained/clip-vit-base-patch16
Key                                                          | Status     |  | 
-------------------------------------------------------------+------------+--+-
text_model.encoder.layers.{0...11}.mlp.fc1.bias              | UNEXPECTED |  | 
text_model.encoder.layers.{0...11}.self_attn.q_proj.weight   | UNEXPECTED |  | 
text_model.encoder.layers.{0...11}.self_attn.v_proj.weight   | UNEXPECTED |  | 
text_model.encoder.layers.{0...11}.layer_norm2.bias          | UNEXPECTED |  | 
text_model.encoder.layers.{0...11}.mlp.fc2.weight            | UNEXPECTED |  | 
text_model.encoder.layers.{0...11}.self_attn.q_proj.bias     | UNEXPECTED |  | 
text_model.encoder.layers.{0...11}.self_attn.k_proj.bias     | UNEXPECTED |  | 
text_model.encoder.layers.{0...11}.self_attn.out_proj.weight | UNEXPECTED |  | 
text_model.embeddings.token_embedding.weight                 | UNEXPECTED |  | 
text_model.encoder.layers.{0...11}.layer_norm1.bias          | UNEXPECTED |  | 
text_model.encoder.layers.{0...11}.self_attn.k_proj.weight   | UNEXPECTED |  | 
text_model.encoder.layers.{0...11}.mlp.fc1.weight            | UNEXPECTED |  | 
text_model.encoder.layers.{0...11}.self_attn.v_proj.bias     | UNEXPECTED |  | 
text_model.encoder.layers.{0...11}.self_attn.out_proj.bias   | UNEXPECTED |  | 
text_model.encoder.layers.{0...11}.layer_norm2.weight        | UNEXPECTED |  | 
text_model.encoder.layers.{0...11}.mlp.fc2.bias              | UNEXPECTED |  | 
text_model.encoder.layers.{0...11}.layer_norm1.weight        | UNEXPECTED |  | 
text_model.final_layer_norm.weight                           | UNEXPECTED |  | 
text_model.embeddings.position_embedding.weight              | UNEXPECTED |  | 
logit_scale                                                  | UNEXPECTED |  | 
text_model.final_layer_norm.bias                             | UNEXPECTED |  | 
text_projection.weight                                       | UNEXPECTED |  | 
visual_projection.weight                                     | UNEXPECTED |  | 

Notes:
- UNEXPECTED:	can be ignored when loading from different task/architecture; not ok if you expect identical arch.
[CLIPViTBackbone] 检测到 transformers>=5 的扁平布局，已补 `vision_model.` 包装以对齐 4.x 的键名（权重内容无差异）。
[CLIPViTBackbone] 冻结前 6/12 层，可训练参数 42.53M / 85.80M
  spatial(M)         85.811
  freq(M)            0.077
  fusion(M)          0.658
  vib(M)             0.263
  cls_head(M)        0.033
  localization(M)    3.690
  total(M)           90.532
  trainable(M)       47.262
  fp32_size(MB)      362.126
[2026-09-29 16:22:36]     [beta] 锚=vib  升温区间 20<anchor<40 → global 2~3（2 轮）；与 VIB 参与轮次交集 2 轮 ✓
[2026-09-29 16:22:36] ======================================================================
[2026-09-29 16:22:36] 阶段 1/3: stage1_cls_pretrain  epochs=1  lr=1.0e-04->1.0e-06  监控=val_cls_auc
[CLIPViTBackbone] [阶段重放] 冻结前 6/12 层，可训练参数 42.53M / 85.80M
[2026-09-29 16:22:36]   可训练参数 43.57M / 总计 90.53M | 冻结=['localization'] | 训练=['spatial', 'freq', 'fusion', 'vib', 'cls_head'] | 任务=['cls']
[2026-09-29 16:22:36]     [opt] 已把不确定性加权参数 1 组（log σ²）纳入优化器
[2026-09-29 16:24:23]     iter 5/9  loss=1.1019  106.6s
[2026-09-29 16:25:27] [stage1_cls_pretrain] epoch 1/1 (global 0) lr=1.00e-06 beta=0.000 loss=0.5406 raw={'vib': 0.7717} kl_raw=0.0068 kl_clip=0.0068 grad_norm=157087.1 (170.9s)
[2026-09-29 16:25:47]     val: loss=0.6528  cls_acc=0.6667  cls_precision=0.6667  cls_recall=1.0000  cls_f1=0.8000  cls_auc=0.6378  cls_ap=0.8228  cls_mAP=0.8228  cls_tn=0.0000  cls_fp=15.0000  cls_fn=0.0000  cls_tp=30.0000  cls_n=45.0000  val_loss=0.6528  loc_miou=0.0000  loc_miou_per_sample=0.0000  loc_miou_tampered_only=0.0000  loc_n_tampered=30.0000  loc_pixel_acc=0.6429  loc_dice=0.0000  loc_f1=0.0000  loc_n_pixels=2207744.0000
[2026-09-29 16:25:47]     ✔ 新的最佳 val_cls_auc=0.6378，已保存 best.pt
[2026-09-29 16:25:48] ======================================================================
[2026-09-29 16:25:48] 阶段 2/3: stage2_loc_pretrain  epochs=1  lr=5.0e-05->5.0e-07  监控=val_loc_miou
[CLIPViTBackbone] [阶段重放] 冻结前 6/12 层，可训练参数 42.53M / 85.80M
[2026-09-29 16:25:48]   可训练参数 46.97M / 总计 90.53M | 冻结=['vib', 'cls_head'] | 训练=['spatial', 'freq', 'fusion', 'localization'] | 任务=['loc', 'edge']
[2026-09-29 16:25:48]     [opt] 已把不确定性加权参数 1 组（log σ²）纳入优化器
[2026-09-29 16:27:21]     iter 5/9  loss=-3.0522  93.2s
[2026-09-29 16:28:41] [stage2_loc_pretrain] epoch 1/1 (global 1) lr=5.00e-07 beta=0.000 loss=-3.1567 raw={'bce': 0.5472, 'dice': 0.7421, 'edge': 0.5132} kl_raw=nan kl_clip=nan grad_norm=223755.7 (173.6s)
[2026-09-29 16:28:59]     val: loss=5.4761  cls_acc=0.6667  cls_precision=0.6667  cls_recall=1.0000  cls_f1=0.8000  cls_auc=0.7956  cls_ap=0.9077  cls_mAP=0.9077  cls_tn=0.0000  cls_fp=15.0000  cls_fn=0.0000  cls_tp=30.0000  cls_n=45.0000  val_loss=5.4761  loc_miou=0.0000  loc_miou_per_sample=0.0000  loc_miou_tampered_only=0.0000  loc_n_tampered=30.0000  loc_pixel_acc=0.6429  loc_dice=0.0000  loc_f1=0.0000  loc_n_pixels=2207744.0000
[2026-09-29 16:28:59]     ✔ 新的最佳 val_loc_miou=0.0000，已保存 best.pt
[2026-09-29 16:28:59] ======================================================================
[2026-09-29 16:28:59] 阶段 3/3: stage3_joint_finetune  epochs=2  lr=1.0e-05->1.0e-07  监控=val_cls_auc
[CLIPViTBackbone] [阶段重放] 冻结前 6/12 层，可训练参数 42.53M / 85.80M
[2026-09-29 16:28:59]   可训练参数 47.26M / 总计 90.53M | 冻结=[] | 训练=['all'] | 任务=['cls', 'loc', 'edge']
[2026-09-29 16:28:59]     [opt] 已把不确定性加权参数 1 组（log σ²）纳入优化器
[2026-09-29 16:30:57]     iter 5/9  loss=-2.3401  118.1s
[2026-09-29 16:32:09] [stage3_joint_finetune] epoch 1/2 (global 2) lr=5.05e-06 beta=0.005 loss=-2.2349 raw={'vib': 0.734, 'bce': 0.4428, 'dice': 0.718, 'edge': 0.4983} kl_raw=0.0094 kl_clip=0.0094 grad_norm=51.6 (190.0s)
[2026-09-29 16:32:22]     val: loss=2.6498  cls_acc=0.6667  cls_precision=0.6667  cls_recall=1.0000  cls_f1=0.8000  cls_auc=0.7756  cls_ap=0.9003  cls_mAP=0.9003  cls_tn=0.0000  cls_fp=15.0000  cls_fn=0.0000  cls_tp=30.0000  cls_n=45.0000  val_loss=2.6498  loc_miou=0.0000  loc_miou_per_sample=0.0000  loc_miou_tampered_only=0.0000  loc_n_tampered=30.0000  loc_pixel_acc=0.6429  loc_dice=0.0000  loc_f1=0.0000  loc_n_pixels=2207744.0000
[2026-09-29 16:32:22]     ✔ 新的最佳 val_cls_auc=0.7756，已保存 best.pt
[2026-09-29 16:33:47]     iter 5/9  loss=-1.8831  85.0s
[2026-09-29 16:35:02] [stage3_joint_finetune] epoch 2/2 (global 3) lr=1.00e-07 beta=0.010 loss=-1.4436 raw={'vib': 0.7158, 'bce': 0.4341, 'dice': 0.7115, 'edge': 0.4935} kl_raw=0.0098 kl_clip=0.0098 grad_norm=45.1 (160.2s)
[2026-09-29 16:35:18]     val: loss=2.0605  cls_acc=0.6667  cls_precision=0.6667  cls_recall=1.0000  cls_f1=0.8000  cls_auc=0.7578  cls_ap=0.9015  cls_mAP=0.9015  cls_tn=0.0000  cls_fp=15.0000  cls_fn=0.0000  cls_tp=30.0000  cls_n=45.0000  val_loss=2.0605  loc_miou=0.0138  loc_miou_per_sample=0.0072  loc_miou_tampered_only=0.0072  loc_n_tampered=30.0000  loc_pixel_acc=0.6478  loc_dice=0.0272  loc_f1=0.0272  loc_n_pixels=2207744.0000
[2026-09-29 16:35:19] 训练历史已写入 D:\picture\vibnet-forgery-detector\outputs\run_demo\history.json

[train] 完成。最佳 val_cls_auc=0.7756 @ epoch 2
[train] 权重目录：D:\picture\vibnet-forgery-detector\checkpoints
[train] 日志：D:\picture\vibnet-forgery-detector\outputs\run_demo/train_log.txt
